WWWWWWWWWWWWWWWWWWWWWWWWWWWWWWWWWWWWWWWWWWWWWWWWWWWWWWWWWW
W~~~~~~~~~~~~~~~~~~~~~~~~~~~~~~~W~~~~~~~~~~~~~~~~~~~~~~~~W
W~~~~~~~~~~~~~~~~~~~~~~~~~~~~~~~W~~~~~~~~~~~~~~~~~~~~~~~~W
W~~~~~~~~~~~~~~~~~~~~~~~~~~~~~~~W~~~~~~~~~~~~~~~~~~~~~~~~W
W~~~~~~~~~~~~~~~~~~~~~~~~~~~~~~~W~~~~~~~~~~~~~~YY~~~~~~~~W
WWWWWWWWWWWWWWWWWWWWWWWWWWWWWWWWWWWWWWWW~~~WWWWWWWWWWWWWWW
W~~~~~~~~~~~~~~~~~~~~~~~~~~~~~~~W~~~~~~~~~~~~~~~~~~~~~~~~W
W~~~~~~~~~~~~~~~~~~~~~~~~~~~~~~~W~~~~~~~~~~~~~~~~~~~~~~~~W
W~~~~~~~~~~~~~~~~~~~~~~~~~~~~~~~W~~~~~~~~~~~~~~~~~~~~~~~~W
W~~~CC~~~~~~~~~~~~~~~~~~~~~~~~~~W~~~~~~~~~~~~~~~~~~~CC~~~W
WWWWWWWWWWWWWWWWWWWWWWWWWWWWWWWWWWWWWWWWWWWWWWWWWWWWWWWWWW
W~~~~~~~~~~~~~~~~~~~~~~~~~~~~~~~~~~~~~~~~~~~~~~~~~~~~~~~~W
W~~~~~~~~~~~~~~~~~~~~~~~~~~~~~~~~~~~~~~~~~~~~~~~~~~~~~~~~W
W~~~~~~~~~~~~~~~~~~~~~~~~~~~~~~~~~~~~~~~~~~~~~~~~~~~~~~~~W
W~~~~GG~~~~~~~~~~~~~~~~~~~~~~~~~~~TT~~~~~~~~~~~~~~~~~~~~~W
WWWWWWWWWWWWWWBBBBBWWWWWWWW~~~WWWWWWWWWWWWRRRRRWWWWWWWWWWW
W~~~~~~~~~~~~~~M~~~~~~~~~~~~~~~~~~~~~L~~~~~~~~~~~~~~~~~~~W
W~~~~~~~~~~~~~~M~~~~~~~~~~~~~~~~~~~~~L~~~~~~~~~~~~~~~~~~~W
W~~~~~~~~~~~~~~M~~~~~~~~~~~~~~~~~~~~~L~~~~~~~~~~~~~~~~~~~W
W~~~~~~~~~~~~~~M~~~EE~~~~~~~~~~~~~~~~L~~~AA~~~~~~~~~~~~~~W
WWWWWWW~~~WWWWWWWWWWWWWWWWWWWWWWWWWWWWWWWWWWWWW~~~WWWWWWWW
W~~~~~~~~~~~~~~~~~~~~~~~~~~~~~~~~~~~~~~~~~~~~~~~~~~~~~~~~W
W~~~~~~~~~~~~~~~~~~~~~~~~~~~~F~~~~~~~~~~~~~~~~~~~~~~~~~~~W
W~~~~~~~~~~~~~~~~~~~~~~~~~WWWWWWW~~~~~~~~~~~~~~~~~~~~~~~~W
W~~~~~~~~~~~~~~~~~~~~~~WWWWWWWWWWWWW~~~~~~~~~~~~~~~~~~~~~W
W~~~~~~~~~~~~~~~~~~~~WWWWWWWWWWWWWWWWW~~~~~~~~~~~~~~~~~~~W
WWWWWWWWWWWRRRRRRRWWWWWWWWWWWWWWWWWWWWWWWBBBBBBBBWWWWWWWWW

